
> react-typescript-starter@0.1.0 test
> react-scripts test --coverage

  console.log
    [
      { label: 'Introduction', href: '/intro' },
      { label: 'Planner', href: '/planner' }
    ]

      at Nav (src/modules/Navbar/Navbar.tsx:32:13)

  console.error
    Error: Uncaught [Error: useLocation() may be used only in the context of a <Router> component.]
        at reportException (/home/runner/work/cisc-scheduler/cisc-scheduler/node_modules/jsdom/lib/jsdom/living/helpers/runtime-script-errors.js:66:24)
        at innerInvokeEventListeners (/home/runner/work/cisc-scheduler/cisc-scheduler/node_modules/jsdom/lib/jsdom/living/events/EventTarget-impl.js:341:9)
        at invokeEventListeners (/home/runner/work/cisc-scheduler/cisc-scheduler/node_modules/jsdom/lib/jsdom/living/events/EventTarget-impl.js:274:3)
        at HTMLUnknownElementImpl._dispatch (/home/runner/work/cisc-scheduler/cisc-scheduler/node_modules/jsdom/lib/jsdom/living/events/EventTarget-impl.js:221:9)
        at HTMLUnknownElementImpl.dispatchEvent (/home/runner/work/cisc-scheduler/cisc-scheduler/node_modules/jsdom/lib/jsdom/living/events/EventTarget-impl.js:94:17)
        at HTMLUnknownElement.dispatchEvent (/home/runner/work/cisc-scheduler/cisc-scheduler/node_modules/jsdom/lib/jsdom/living/generated/EventTarget.js:231:34)
        at Object.invokeGuardedCallbackDev (/home/runner/work/cisc-scheduler/cisc-scheduler/node_modules/react-dom/cjs/react-dom.development.js:4213:16)
        at invokeGuardedCallback (/home/runner/work/cisc-scheduler/cisc-scheduler/node_modules/react-dom/cjs/react-dom.development.js:4277:31)
        at beginWork$1 (/home/runner/work/cisc-scheduler/cisc-scheduler/node_modules/react-dom/cjs/react-dom.development.js:27451:7)
        at performUnitOfWork (/home/runner/work/cisc-scheduler/cisc-scheduler/node_modules/react-dom/cjs/react-dom.development.js:26560:12) Error: useLocation() may be used only in the context of a <Router> component.
        at Object.invariant [as UNSAFE_invariant] (/home/runner/work/cisc-scheduler/cisc-scheduler/node_modules/@remix-run/router/history.ts:494:11)
        at useLocation (/home/runner/work/cisc-scheduler/cisc-scheduler/node_modules/react-router/lib/hooks.tsx:104:3)
        at Object.useResolvedPath (/home/runner/work/cisc-scheduler/cisc-scheduler/node_modules/react-router/lib/hooks.tsx:311:40)
        at NavLinkWithRef (/home/runner/work/cisc-scheduler/cisc-scheduler/node_modules/react-router-dom/index.tsx:1003:16)
        at renderWithHooks (/home/runner/work/cisc-scheduler/cisc-scheduler/node_modules/react-dom/cjs/react-dom.development.js:16305:18)
        at updateForwardRef (/home/runner/work/cisc-scheduler/cisc-scheduler/node_modules/react-dom/cjs/react-dom.development.js:19226:20)
        at beginWork (/home/runner/work/cisc-scheduler/cisc-scheduler/node_modules/react-dom/cjs/react-dom.development.js:21636:16)
        at HTMLUnknownElement.callCallback (/home/runner/work/cisc-scheduler/cisc-scheduler/node_modules/react-dom/cjs/react-dom.development.js:4164:14)
        at HTMLUnknownElement.callTheUserObjectsOperation (/home/runner/work/cisc-scheduler/cisc-scheduler/node_modules/jsdom/lib/jsdom/living/generated/EventListener.js:26:30)
        at innerInvokeEventListeners (/home/runner/work/cisc-scheduler/cisc-scheduler/node_modules/jsdom/lib/jsdom/living/events/EventTarget-impl.js:338:25)
        at invokeEventListeners (/home/runner/work/cisc-scheduler/cisc-scheduler/node_modules/jsdom/lib/jsdom/living/events/EventTarget-impl.js:274:3)
        at HTMLUnknownElementImpl._dispatch (/home/runner/work/cisc-scheduler/cisc-scheduler/node_modules/jsdom/lib/jsdom/living/events/EventTarget-impl.js:221:9)
        at HTMLUnknownElementImpl.dispatchEvent (/home/runner/work/cisc-scheduler/cisc-scheduler/node_modules/jsdom/lib/jsdom/living/events/EventTarget-impl.js:94:17)
        at HTMLUnknownElement.dispatchEvent (/home/runner/work/cisc-scheduler/cisc-scheduler/node_modules/jsdom/lib/jsdom/living/generated/EventTarget.js:231:34)
        at Object.invokeGuardedCallbackDev (/home/runner/work/cisc-scheduler/cisc-scheduler/node_modules/react-dom/cjs/react-dom.development.js:4213:16)
        at invokeGuardedCallback (/home/runner/work/cisc-scheduler/cisc-scheduler/node_modules/react-dom/cjs/react-dom.development.js:4277:31)
        at beginWork$1 (/home/runner/work/cisc-scheduler/cisc-scheduler/node_modules/react-dom/cjs/react-dom.development.js:27451:7)
        at performUnitOfWork (/home/runner/work/cisc-scheduler/cisc-scheduler/node_modules/react-dom/cjs/react-dom.development.js:26560:12)
        at workLoopSync (/home/runner/work/cisc-scheduler/cisc-scheduler/node_modules/react-dom/cjs/react-dom.development.js:26466:5)
        at renderRootSync (/home/runner/work/cisc-scheduler/cisc-scheduler/node_modules/react-dom/cjs/react-dom.development.js:26434:7)
        at performConcurrentWorkOnRoot (/home/runner/work/cisc-scheduler/cisc-scheduler/node_modules/react-dom/cjs/react-dom.development.js:25738:74)
        at flushActQueue (/home/runner/work/cisc-scheduler/cisc-scheduler/node_modules/react/cjs/react.development.js:2667:24)
        at act (/home/runner/work/cisc-scheduler/cisc-scheduler/node_modules/react/cjs/react.development.js:2582:11)
        at /home/runner/work/cisc-scheduler/cisc-scheduler/node_modules/@testing-library/react/dist/act-compat.js:46:25
        at renderRoot (/home/runner/work/cisc-scheduler/cisc-scheduler/node_modules/@testing-library/react/dist/pure.js:161:26)
        at render (/home/runner/work/cisc-scheduler/cisc-scheduler/node_modules/@testing-library/react/dist/pure.js:247:10)
        at Object.<anonymous> (/home/runner/work/cisc-scheduler/cisc-scheduler/src/modules/App/App.test.tsx:6:11)
        at Promise.then.completed (/home/runner/work/cisc-scheduler/cisc-scheduler/node_modules/react-scripts/node_modules/jest-circus/build/utils.js:391:28)
        at new Promise (<anonymous>)
        at callAsyncCircusFn (/home/runner/work/cisc-scheduler/cisc-scheduler/node_modules/react-scripts/node_modules/jest-circus/build/utils.js:316:10)
        at _callCircusTest (/home/runner/work/cisc-scheduler/cisc-scheduler/node_modules/react-scripts/node_modules/jest-circus/build/run.js:218:40)
        at processTicksAndRejections (node:internal/process/task_queues:96:5)
        at _runTest (/home/runner/work/cisc-scheduler/cisc-scheduler/node_modules/react-scripts/node_modules/jest-circus/build/run.js:155:3)
        at _runTestsForDescribeBlock (/home/runner/work/cisc-scheduler/cisc-scheduler/node_modules/react-scripts/node_modules/jest-circus/build/run.js:66:9)
        at run (/home/runner/work/cisc-scheduler/cisc-scheduler/node_modules/react-scripts/node_modules/jest-circus/build/run.js:25:3)
        at runAndTransformResultsToJestFormat (/home/runner/work/cisc-scheduler/cisc-scheduler/node_modules/react-scripts/node_modules/jest-circus/build/legacy-code-todo-rewrite/jestAdapterInit.js:170:21)
        at jestAdapter (/home/runner/work/cisc-scheduler/cisc-scheduler/node_modules/react-scripts/node_modules/jest-circus/build/legacy-code-todo-rewrite/jestAdapter.js:82:19)
        at runTestInternal (/home/runner/work/cisc-scheduler/cisc-scheduler/node_modules/react-scripts/node_modules/jest-runner/build/runTest.js:389:16)
        at runTest (/home/runner/work/cisc-scheduler/cisc-scheduler/node_modules/react-scripts/node_modules/jest-runner/build/runTest.js:475:34)
        at TestRunner.runTests (/home/runner/work/cisc-scheduler/cisc-scheduler/node_modules/react-scripts/node_modules/jest-runner/build/index.js:101:12)
        at TestScheduler.scheduleTests (/home/runner/work/cisc-scheduler/cisc-scheduler/node_modules/react-scripts/node_modules/@jest/core/build/TestScheduler.js:333:13)
        at runJest (/home/runner/work/cisc-scheduler/cisc-scheduler/node_modules/react-scripts/node_modules/@jest/core/build/runJest.js:404:19)
        at _run10000 (/home/runner/work/cisc-scheduler/cisc-scheduler/node_modules/react-scripts/node_modules/@jest/core/build/cli/index.js:320:7)
        at runCLI (/home/runner/work/cisc-scheduler/cisc-scheduler/node_modules/react-scripts/node_modules/@jest/core/build/cli/index.js:173:3)
        at Object.run (/home/runner/work/cisc-scheduler/cisc-scheduler/node_modules/react-scripts/node_modules/jest-cli/build/cli/index.js:155:37)

      at VirtualConsole.<anonymous> (node_modules/jsdom/lib/jsdom/virtual-console.js:29:45)
      at reportException (node_modules/jsdom/lib/jsdom/living/helpers/runtime-script-errors.js:70:28)
      at innerInvokeEventListeners (node_modules/jsdom/lib/jsdom/living/events/EventTarget-impl.js:341:9)
      at invokeEventListeners (node_modules/jsdom/lib/jsdom/living/events/EventTarget-impl.js:274:3)
      at HTMLUnknownElementImpl._dispatch (node_modules/jsdom/lib/jsdom/living/events/EventTarget-impl.js:221:9)
      at HTMLUnknownElementImpl.dispatchEvent (node_modules/jsdom/lib/jsdom/living/events/EventTarget-impl.js:94:17)

  console.error
    Error: Uncaught [Error: useLocation() may be used only in the context of a <Router> component.]
        at reportException (/home/runner/work/cisc-scheduler/cisc-scheduler/node_modules/jsdom/lib/jsdom/living/helpers/runtime-script-errors.js:66:24)
        at innerInvokeEventListeners (/home/runner/work/cisc-scheduler/cisc-scheduler/node_modules/jsdom/lib/jsdom/living/events/EventTarget-impl.js:341:9)
        at invokeEventListeners (/home/runner/work/cisc-scheduler/cisc-scheduler/node_modules/jsdom/lib/jsdom/living/events/EventTarget-impl.js:274:3)
        at HTMLUnknownElementImpl._dispatch (/home/runner/work/cisc-scheduler/cisc-scheduler/node_modules/jsdom/lib/jsdom/living/events/EventTarget-impl.js:221:9)
        at HTMLUnknownElementImpl.dispatchEvent (/home/runner/work/cisc-scheduler/cisc-scheduler/node_modules/jsdom/lib/jsdom/living/events/EventTarget-impl.js:94:17)
        at HTMLUnknownElement.dispatchEvent (/home/runner/work/cisc-scheduler/cisc-scheduler/node_modules/jsdom/lib/jsdom/living/generated/EventTarget.js:231:34)
        at Object.invokeGuardedCallbackDev (/home/runner/work/cisc-scheduler/cisc-scheduler/node_modules/react-dom/cjs/react-dom.development.js:4213:16)
        at invokeGuardedCallback (/home/runner/work/cisc-scheduler/cisc-scheduler/node_modules/react-dom/cjs/react-dom.development.js:4277:31)
        at beginWork$1 (/home/runner/work/cisc-scheduler/cisc-scheduler/node_modules/react-dom/cjs/react-dom.development.js:27451:7)
        at performUnitOfWork (/home/runner/work/cisc-scheduler/cisc-scheduler/node_modules/react-dom/cjs/react-dom.development.js:26560:12) Error: useLocation() may be used only in the context of a <Router> component.
        at Object.invariant [as UNSAFE_invariant] (/home/runner/work/cisc-scheduler/cisc-scheduler/node_modules/@remix-run/router/history.ts:494:11)
        at useLocation (/home/runner/work/cisc-scheduler/cisc-scheduler/node_modules/react-router/lib/hooks.tsx:104:3)
        at Object.useResolvedPath (/home/runner/work/cisc-scheduler/cisc-scheduler/node_modules/react-router/lib/hooks.tsx:311:40)
        at NavLinkWithRef (/home/runner/work/cisc-scheduler/cisc-scheduler/node_modules/react-router-dom/index.tsx:1003:16)
        at renderWithHooks (/home/runner/work/cisc-scheduler/cisc-scheduler/node_modules/react-dom/cjs/react-dom.development.js:16305:18)
        at updateForwardRef (/home/runner/work/cisc-scheduler/cisc-scheduler/node_modules/react-dom/cjs/react-dom.development.js:19226:20)
        at beginWork (/home/runner/work/cisc-scheduler/cisc-scheduler/node_modules/react-dom/cjs/react-dom.development.js:21636:16)
        at HTMLUnknownElement.callCallback (/home/runner/work/cisc-scheduler/cisc-scheduler/node_modules/react-dom/cjs/react-dom.development.js:4164:14)
        at HTMLUnknownElement.callTheUserObjectsOperation (/home/runner/work/cisc-scheduler/cisc-scheduler/node_modules/jsdom/lib/jsdom/living/generated/EventListener.js:26:30)
        at innerInvokeEventListeners (/home/runner/work/cisc-scheduler/cisc-scheduler/node_modules/jsdom/lib/jsdom/living/events/EventTarget-impl.js:338:25)
        at invokeEventListeners (/home/runner/work/cisc-scheduler/cisc-scheduler/node_modules/jsdom/lib/jsdom/living/events/EventTarget-impl.js:274:3)
        at HTMLUnknownElementImpl._dispatch (/home/runner/work/cisc-scheduler/cisc-scheduler/node_modules/jsdom/lib/jsdom/living/events/EventTarget-impl.js:221:9)
        at HTMLUnknownElementImpl.dispatchEvent (/home/runner/work/cisc-scheduler/cisc-scheduler/node_modules/jsdom/lib/jsdom/living/events/EventTarget-impl.js:94:17)
        at HTMLUnknownElement.dispatchEvent (/home/runner/work/cisc-scheduler/cisc-scheduler/node_modules/jsdom/lib/jsdom/living/generated/EventTarget.js:231:34)
        at Object.invokeGuardedCallbackDev (/home/runner/work/cisc-scheduler/cisc-scheduler/node_modules/react-dom/cjs/react-dom.development.js:4213:16)
        at invokeGuardedCallback (/home/runner/work/cisc-scheduler/cisc-scheduler/node_modules/react-dom/cjs/react-dom.development.js:4277:31)
        at beginWork$1 (/home/runner/work/cisc-scheduler/cisc-scheduler/node_modules/react-dom/cjs/react-dom.development.js:27451:7)
        at performUnitOfWork (/home/runner/work/cisc-scheduler/cisc-scheduler/node_modules/react-dom/cjs/react-dom.development.js:26560:12)
        at workLoopSync (/home/runner/work/cisc-scheduler/cisc-scheduler/node_modules/react-dom/cjs/react-dom.development.js:26466:5)
        at renderRootSync (/home/runner/work/cisc-scheduler/cisc-scheduler/node_modules/react-dom/cjs/react-dom.development.js:26434:7)
        at performConcurrentWorkOnRoot (/home/runner/work/cisc-scheduler/cisc-scheduler/node_modules/react-dom/cjs/react-dom.development.js:25738:74)
        at flushActQueue (/home/runner/work/cisc-scheduler/cisc-scheduler/node_modules/react/cjs/react.development.js:2667:24)
        at act (/home/runner/work/cisc-scheduler/cisc-scheduler/node_modules/react/cjs/react.development.js:2582:11)
        at /home/runner/work/cisc-scheduler/cisc-scheduler/node_modules/@testing-library/react/dist/act-compat.js:46:25
        at renderRoot (/home/runner/work/cisc-scheduler/cisc-scheduler/node_modules/@testing-library/react/dist/pure.js:161:26)
        at render (/home/runner/work/cisc-scheduler/cisc-scheduler/node_modules/@testing-library/react/dist/pure.js:247:10)
        at Object.<anonymous> (/home/runner/work/cisc-scheduler/cisc-scheduler/src/modules/App/App.test.tsx:6:11)
        at Promise.then.completed (/home/runner/work/cisc-scheduler/cisc-scheduler/node_modules/react-scripts/node_modules/jest-circus/build/utils.js:391:28)
        at new Promise (<anonymous>)
        at callAsyncCircusFn (/home/runner/work/cisc-scheduler/cisc-scheduler/node_modules/react-scripts/node_modules/jest-circus/build/utils.js:316:10)
        at _callCircusTest (/home/runner/work/cisc-scheduler/cisc-scheduler/node_modules/react-scripts/node_modules/jest-circus/build/run.js:218:40)
        at processTicksAndRejections (node:internal/process/task_queues:96:5)
        at _runTest (/home/runner/work/cisc-scheduler/cisc-scheduler/node_modules/react-scripts/node_modules/jest-circus/build/run.js:155:3)
        at _runTestsForDescribeBlock (/home/runner/work/cisc-scheduler/cisc-scheduler/node_modules/react-scripts/node_modules/jest-circus/build/run.js:66:9)
        at run (/home/runner/work/cisc-scheduler/cisc-scheduler/node_modules/react-scripts/node_modules/jest-circus/build/run.js:25:3)
        at runAndTransformResultsToJestFormat (/home/runner/work/cisc-scheduler/cisc-scheduler/node_modules/react-scripts/node_modules/jest-circus/build/legacy-code-todo-rewrite/jestAdapterInit.js:170:21)
        at jestAdapter (/home/runner/work/cisc-scheduler/cisc-scheduler/node_modules/react-scripts/node_modules/jest-circus/build/legacy-code-todo-rewrite/jestAdapter.js:82:19)
        at runTestInternal (/home/runner/work/cisc-scheduler/cisc-scheduler/node_modules/react-scripts/node_modules/jest-runner/build/runTest.js:389:16)
        at runTest (/home/runner/work/cisc-scheduler/cisc-scheduler/node_modules/react-scripts/node_modules/jest-runner/build/runTest.js:475:34)
        at TestRunner.runTests (/home/runner/work/cisc-scheduler/cisc-scheduler/node_modules/react-scripts/node_modules/jest-runner/build/index.js:101:12)
        at TestScheduler.scheduleTests (/home/runner/work/cisc-scheduler/cisc-scheduler/node_modules/react-scripts/node_modules/@jest/core/build/TestScheduler.js:333:13)
        at runJest (/home/runner/work/cisc-scheduler/cisc-scheduler/node_modules/react-scripts/node_modules/@jest/core/build/runJest.js:404:19)
        at _run10000 (/home/runner/work/cisc-scheduler/cisc-scheduler/node_modules/react-scripts/node_modules/@jest/core/build/cli/index.js:320:7)
        at runCLI (/home/runner/work/cisc-scheduler/cisc-scheduler/node_modules/react-scripts/node_modules/@jest/core/build/cli/index.js:173:3)
        at Object.run (/home/runner/work/cisc-scheduler/cisc-scheduler/node_modules/react-scripts/node_modules/jest-cli/build/cli/index.js:155:37)

      at VirtualConsole.<anonymous> (node_modules/jsdom/lib/jsdom/virtual-console.js:29:45)
      at reportException (node_modules/jsdom/lib/jsdom/living/helpers/runtime-script-errors.js:70:28)
      at innerInvokeEventListeners (node_modules/jsdom/lib/jsdom/living/events/EventTarget-impl.js:341:9)
      at invokeEventListeners (node_modules/jsdom/lib/jsdom/living/events/EventTarget-impl.js:274:3)
      at HTMLUnknownElementImpl._dispatch (node_modules/jsdom/lib/jsdom/living/events/EventTarget-impl.js:221:9)
      at HTMLUnknownElementImpl.dispatchEvent (node_modules/jsdom/lib/jsdom/living/events/EventTarget-impl.js:94:17)

  console.error
    Error: Uncaught [Error: useNavigate() may be used only in the context of a <Router> component.]
        at reportException (/home/runner/work/cisc-scheduler/cisc-scheduler/node_modules/jsdom/lib/jsdom/living/helpers/runtime-script-errors.js:66:24)
        at innerInvokeEventListeners (/home/runner/work/cisc-scheduler/cisc-scheduler/node_modules/jsdom/lib/jsdom/living/events/EventTarget-impl.js:341:9)
        at invokeEventListeners (/home/runner/work/cisc-scheduler/cisc-scheduler/node_modules/jsdom/lib/jsdom/living/events/EventTarget-impl.js:274:3)
        at HTMLUnknownElementImpl._dispatch (/home/runner/work/cisc-scheduler/cisc-scheduler/node_modules/jsdom/lib/jsdom/living/events/EventTarget-impl.js:221:9)
        at HTMLUnknownElementImpl.dispatchEvent (/home/runner/work/cisc-scheduler/cisc-scheduler/node_modules/jsdom/lib/jsdom/living/events/EventTarget-impl.js:94:17)
        at HTMLUnknownElement.dispatchEvent (/home/runner/work/cisc-scheduler/cisc-scheduler/node_modules/jsdom/lib/jsdom/living/generated/EventTarget.js:231:34)
        at Object.invokeGuardedCallbackDev (/home/runner/work/cisc-scheduler/cisc-scheduler/node_modules/react-dom/cjs/react-dom.development.js:4213:16)
        at invokeGuardedCallback (/home/runner/work/cisc-scheduler/cisc-scheduler/node_modules/react-dom/cjs/react-dom.development.js:4277:31)
        at beginWork$1 (/home/runner/work/cisc-scheduler/cisc-scheduler/node_modules/react-dom/cjs/react-dom.development.js:27451:7)
        at performUnitOfWork (/home/runner/work/cisc-scheduler/cisc-scheduler/node_modules/react-dom/cjs/react-dom.development.js:26560:12) Error: useNavigate() may be used only in the context of a <Router> component.
        at Object.invariant [as UNSAFE_invariant] (/home/runner/work/cisc-scheduler/cisc-scheduler/node_modules/@remix-run/router/history.ts:494:11)
        at useNavigateUnstable (/home/runner/work/cisc-scheduler/cisc-scheduler/node_modules/react-router/lib/hooks.tsx:188:3)
        at useNavigate (/home/runner/work/cisc-scheduler/cisc-scheduler/node_modules/react-router/lib/hooks.tsx:184:46)
        at Introduction (/home/runner/work/cisc-scheduler/cisc-scheduler/src/modules/Introduction/Introduction.tsx:6:33)
        at renderWithHooks (/home/runner/work/cisc-scheduler/cisc-scheduler/node_modules/react-dom/cjs/react-dom.development.js:16305:18)
        at mountIndeterminateComponent (/home/runner/work/cisc-scheduler/cisc-scheduler/node_modules/react-dom/cjs/react-dom.development.js:20074:13)
        at beginWork (/home/runner/work/cisc-scheduler/cisc-scheduler/node_modules/react-dom/cjs/react-dom.development.js:21587:16)
        at HTMLUnknownElement.callCallback (/home/runner/work/cisc-scheduler/cisc-scheduler/node_modules/react-dom/cjs/react-dom.development.js:4164:14)
        at HTMLUnknownElement.callTheUserObjectsOperation (/home/runner/work/cisc-scheduler/cisc-scheduler/node_modules/jsdom/lib/jsdom/living/generated/EventListener.js:26:30)
        at innerInvokeEventListeners (/home/runner/work/cisc-scheduler/cisc-scheduler/node_modules/jsdom/lib/jsdom/living/events/EventTarget-impl.js:338:25)
        at invokeEventListeners (/home/runner/work/cisc-scheduler/cisc-scheduler/node_modules/jsdom/lib/jsdom/living/events/EventTarget-impl.js:274:3)
        at HTMLUnknownElementImpl._dispatch (/home/runner/work/cisc-scheduler/cisc-scheduler/node_modules/jsdom/lib/jsdom/living/events/EventTarget-impl.js:221:9)
        at HTMLUnknownElementImpl.dispatchEvent (/home/runner/work/cisc-scheduler/cisc-scheduler/node_modules/jsdom/lib/jsdom/living/events/EventTarget-impl.js:94:17)
        at HTMLUnknownElement.dispatchEvent (/home/runner/work/cisc-scheduler/cisc-scheduler/node_modules/jsdom/lib/jsdom/living/generated/EventTarget.js:231:34)
        at Object.invokeGuardedCallbackDev (/home/runner/work/cisc-scheduler/cisc-scheduler/node_modules/react-dom/cjs/react-dom.development.js:4213:16)
        at invokeGuardedCallback (/home/runner/work/cisc-scheduler/cisc-scheduler/node_modules/react-dom/cjs/react-dom.development.js:4277:31)
        at beginWork$1 (/home/runner/work/cisc-scheduler/cisc-scheduler/node_modules/react-dom/cjs/react-dom.development.js:27451:7)
        at performUnitOfWork (/home/runner/work/cisc-scheduler/cisc-scheduler/node_modules/react-dom/cjs/react-dom.development.js:26560:12)
        at workLoopSync (/home/runner/work/cisc-scheduler/cisc-scheduler/node_modules/react-dom/cjs/react-dom.development.js:26466:5)
        at renderRootSync (/home/runner/work/cisc-scheduler/cisc-scheduler/node_modules/react-dom/cjs/react-dom.development.js:26434:7)
        at performConcurrentWorkOnRoot (/home/runner/work/cisc-scheduler/cisc-scheduler/node_modules/react-dom/cjs/react-dom.development.js:25738:74)
        at flushActQueue (/home/runner/work/cisc-scheduler/cisc-scheduler/node_modules/react/cjs/react.development.js:2667:24)
        at act (/home/runner/work/cisc-scheduler/cisc-scheduler/node_modules/react/cjs/react.development.js:2582:11)
        at /home/runner/work/cisc-scheduler/cisc-scheduler/node_modules/@testing-library/react/dist/act-compat.js:46:25
        at renderRoot (/home/runner/work/cisc-scheduler/cisc-scheduler/node_modules/@testing-library/react/dist/pure.js:161:26)
        at render (/home/runner/work/cisc-scheduler/cisc-scheduler/node_modules/@testing-library/react/dist/pure.js:247:10)
        at Object.<anonymous> (/home/runner/work/cisc-scheduler/cisc-scheduler/src/modules/App/App.test.tsx:6:11)
        at Promise.then.completed (/home/runner/work/cisc-scheduler/cisc-scheduler/node_modules/react-scripts/node_modules/jest-circus/build/utils.js:391:28)
        at new Promise (<anonymous>)
        at callAsyncCircusFn (/home/runner/work/cisc-scheduler/cisc-scheduler/node_modules/react-scripts/node_modules/jest-circus/build/utils.js:316:10)
        at _callCircusTest (/home/runner/work/cisc-scheduler/cisc-scheduler/node_modules/react-scripts/node_modules/jest-circus/build/run.js:218:40)
        at processTicksAndRejections (node:internal/process/task_queues:96:5)
        at _runTest (/home/runner/work/cisc-scheduler/cisc-scheduler/node_modules/react-scripts/node_modules/jest-circus/build/run.js:155:3)
        at _runTestsForDescribeBlock (/home/runner/work/cisc-scheduler/cisc-scheduler/node_modules/react-scripts/node_modules/jest-circus/build/run.js:66:9)
        at run (/home/runner/work/cisc-scheduler/cisc-scheduler/node_modules/react-scripts/node_modules/jest-circus/build/run.js:25:3)
        at runAndTransformResultsToJestFormat (/home/runner/work/cisc-scheduler/cisc-scheduler/node_modules/react-scripts/node_modules/jest-circus/build/legacy-code-todo-rewrite/jestAdapterInit.js:170:21)
        at jestAdapter (/home/runner/work/cisc-scheduler/cisc-scheduler/node_modules/react-scripts/node_modules/jest-circus/build/legacy-code-todo-rewrite/jestAdapter.js:82:19)
        at runTestInternal (/home/runner/work/cisc-scheduler/cisc-scheduler/node_modules/react-scripts/node_modules/jest-runner/build/runTest.js:389:16)
        at runTest (/home/runner/work/cisc-scheduler/cisc-scheduler/node_modules/react-scripts/node_modules/jest-runner/build/runTest.js:475:34)
        at TestRunner.runTests (/home/runner/work/cisc-scheduler/cisc-scheduler/node_modules/react-scripts/node_modules/jest-runner/build/index.js:101:12)
        at TestScheduler.scheduleTests (/home/runner/work/cisc-scheduler/cisc-scheduler/node_modules/react-scripts/node_modules/@jest/core/build/TestScheduler.js:333:13)
        at runJest (/home/runner/work/cisc-scheduler/cisc-scheduler/node_modules/react-scripts/node_modules/@jest/core/build/runJest.js:404:19)
        at _run10000 (/home/runner/work/cisc-scheduler/cisc-scheduler/node_modules/react-scripts/node_modules/@jest/core/build/cli/index.js:320:7)
        at runCLI (/home/runner/work/cisc-scheduler/cisc-scheduler/node_modules/react-scripts/node_modules/@jest/core/build/cli/index.js:173:3)
        at Object.run (/home/runner/work/cisc-scheduler/cisc-scheduler/node_modules/react-scripts/node_modules/jest-cli/build/cli/index.js:155:37)

      at VirtualConsole.<anonymous> (node_modules/jsdom/lib/jsdom/virtual-console.js:29:45)
      at reportException (node_modules/jsdom/lib/jsdom/living/helpers/runtime-script-errors.js:70:28)
      at innerInvokeEventListeners (node_modules/jsdom/lib/jsdom/living/events/EventTarget-impl.js:341:9)
      at invokeEventListeners (node_modules/jsdom/lib/jsdom/living/events/EventTarget-impl.js:274:3)
      at HTMLUnknownElementImpl._dispatch (node_modules/jsdom/lib/jsdom/living/events/EventTarget-impl.js:221:9)
      at HTMLUnknownElementImpl.dispatchEvent (node_modules/jsdom/lib/jsdom/living/events/EventTarget-impl.js:94:17)

  console.log
    [
      { label: 'Introduction', href: '/intro' },
      { label: 'Planner', href: '/planner' }
    ]

      at Nav (src/modules/Navbar/Navbar.tsx:32:13)

  console.error
    Error: Uncaught [Error: useLocation() may be used only in the context of a <Router> component.]
        at reportException (/home/runner/work/cisc-scheduler/cisc-scheduler/node_modules/jsdom/lib/jsdom/living/helpers/runtime-script-errors.js:66:24)
        at innerInvokeEventListeners (/home/runner/work/cisc-scheduler/cisc-scheduler/node_modules/jsdom/lib/jsdom/living/events/EventTarget-impl.js:341:9)
        at invokeEventListeners (/home/runner/work/cisc-scheduler/cisc-scheduler/node_modules/jsdom/lib/jsdom/living/events/EventTarget-impl.js:274:3)
        at HTMLUnknownElementImpl._dispatch (/home/runner/work/cisc-scheduler/cisc-scheduler/node_modules/jsdom/lib/jsdom/living/events/EventTarget-impl.js:221:9)
        at HTMLUnknownElementImpl.dispatchEvent (/home/runner/work/cisc-scheduler/cisc-scheduler/node_modules/jsdom/lib/jsdom/living/events/EventTarget-impl.js:94:17)
        at HTMLUnknownElement.dispatchEvent (/home/runner/work/cisc-scheduler/cisc-scheduler/node_modules/jsdom/lib/jsdom/living/generated/EventTarget.js:231:34)
        at Object.invokeGuardedCallbackDev (/home/runner/work/cisc-scheduler/cisc-scheduler/node_modules/react-dom/cjs/react-dom.development.js:4213:16)
        at invokeGuardedCallback (/home/runner/work/cisc-scheduler/cisc-scheduler/node_modules/react-dom/cjs/react-dom.development.js:4277:31)
        at beginWork$1 (/home/runner/work/cisc-scheduler/cisc-scheduler/node_modules/react-dom/cjs/react-dom.development.js:27451:7)
        at performUnitOfWork (/home/runner/work/cisc-scheduler/cisc-scheduler/node_modules/react-dom/cjs/react-dom.development.js:26560:12) Error: useLocation() may be used only in the context of a <Router> component.
        at Object.invariant [as UNSAFE_invariant] (/home/runner/work/cisc-scheduler/cisc-scheduler/node_modules/@remix-run/router/history.ts:494:11)
        at useLocation (/home/runner/work/cisc-scheduler/cisc-scheduler/node_modules/react-router/lib/hooks.tsx:104:3)
        at Object.useResolvedPath (/home/runner/work/cisc-scheduler/cisc-scheduler/node_modules/react-router/lib/hooks.tsx:311:40)
        at NavLinkWithRef (/home/runner/work/cisc-scheduler/cisc-scheduler/node_modules/react-router-dom/index.tsx:1003:16)
        at renderWithHooks (/home/runner/work/cisc-scheduler/cisc-scheduler/node_modules/react-dom/cjs/react-dom.development.js:16305:18)
        at updateForwardRef (/home/runner/work/cisc-scheduler/cisc-scheduler/node_modules/react-dom/cjs/react-dom.development.js:19226:20)
        at beginWork (/home/runner/work/cisc-scheduler/cisc-scheduler/node_modules/react-dom/cjs/react-dom.development.js:21636:16)
        at HTMLUnknownElement.callCallback (/home/runner/work/cisc-scheduler/cisc-scheduler/node_modules/react-dom/cjs/react-dom.development.js:4164:14)
        at HTMLUnknownElement.callTheUserObjectsOperation (/home/runner/work/cisc-scheduler/cisc-scheduler/node_modules/jsdom/lib/jsdom/living/generated/EventListener.js:26:30)
        at innerInvokeEventListeners (/home/runner/work/cisc-scheduler/cisc-scheduler/node_modules/jsdom/lib/jsdom/living/events/EventTarget-impl.js:338:25)
        at invokeEventListeners (/home/runner/work/cisc-scheduler/cisc-scheduler/node_modules/jsdom/lib/jsdom/living/events/EventTarget-impl.js:274:3)
        at HTMLUnknownElementImpl._dispatch (/home/runner/work/cisc-scheduler/cisc-scheduler/node_modules/jsdom/lib/jsdom/living/events/EventTarget-impl.js:221:9)
        at HTMLUnknownElementImpl.dispatchEvent (/home/runner/work/cisc-scheduler/cisc-scheduler/node_modules/jsdom/lib/jsdom/living/events/EventTarget-impl.js:94:17)
        at HTMLUnknownElement.dispatchEvent (/home/runner/work/cisc-scheduler/cisc-scheduler/node_modules/jsdom/lib/jsdom/living/generated/EventTarget.js:231:34)
        at Object.invokeGuardedCallbackDev (/home/runner/work/cisc-scheduler/cisc-scheduler/node_modules/react-dom/cjs/react-dom.development.js:4213:16)
        at invokeGuardedCallback (/home/runner/work/cisc-scheduler/cisc-scheduler/node_modules/react-dom/cjs/react-dom.development.js:4277:31)
        at beginWork$1 (/home/runner/work/cisc-scheduler/cisc-scheduler/node_modules/react-dom/cjs/react-dom.development.js:27451:7)
        at performUnitOfWork (/home/runner/work/cisc-scheduler/cisc-scheduler/node_modules/react-dom/cjs/react-dom.development.js:26560:12)
        at workLoopSync (/home/runner/work/cisc-scheduler/cisc-scheduler/node_modules/react-dom/cjs/react-dom.development.js:26466:5)
        at renderRootSync (/home/runner/work/cisc-scheduler/cisc-scheduler/node_modules/react-dom/cjs/react-dom.development.js:26434:7)
        at recoverFromConcurrentError (/home/runner/work/cisc-scheduler/cisc-scheduler/node_modules/react-dom/cjs/react-dom.development.js:25850:20)
        at performConcurrentWorkOnRoot (/home/runner/work/cisc-scheduler/cisc-scheduler/node_modules/react-dom/cjs/react-dom.development.js:25750:22)
        at flushActQueue (/home/runner/work/cisc-scheduler/cisc-scheduler/node_modules/react/cjs/react.development.js:2667:24)
        at act (/home/runner/work/cisc-scheduler/cisc-scheduler/node_modules/react/cjs/react.development.js:2582:11)
        at /home/runner/work/cisc-scheduler/cisc-scheduler/node_modules/@testing-library/react/dist/act-compat.js:46:25
        at renderRoot (/home/runner/work/cisc-scheduler/cisc-scheduler/node_modules/@testing-library/react/dist/pure.js:161:26)
        at render (/home/runner/work/cisc-scheduler/cisc-scheduler/node_modules/@testing-library/react/dist/pure.js:247:10)
        at Object.<anonymous> (/home/runner/work/cisc-scheduler/cisc-scheduler/src/modules/App/App.test.tsx:6:11)
        at Promise.then.completed (/home/runner/work/cisc-scheduler/cisc-scheduler/node_modules/react-scripts/node_modules/jest-circus/build/utils.js:391:28)
        at new Promise (<anonymous>)
        at callAsyncCircusFn (/home/runner/work/cisc-scheduler/cisc-scheduler/node_modules/react-scripts/node_modules/jest-circus/build/utils.js:316:10)
        at _callCircusTest (/home/runner/work/cisc-scheduler/cisc-scheduler/node_modules/react-scripts/node_modules/jest-circus/build/run.js:218:40)
        at processTicksAndRejections (node:internal/process/task_queues:96:5)
        at _runTest (/home/runner/work/cisc-scheduler/cisc-scheduler/node_modules/react-scripts/node_modules/jest-circus/build/run.js:155:3)
        at _runTestsForDescribeBlock (/home/runner/work/cisc-scheduler/cisc-scheduler/node_modules/react-scripts/node_modules/jest-circus/build/run.js:66:9)
        at run (/home/runner/work/cisc-scheduler/cisc-scheduler/node_modules/react-scripts/node_modules/jest-circus/build/run.js:25:3)
        at runAndTransformResultsToJestFormat (/home/runner/work/cisc-scheduler/cisc-scheduler/node_modules/react-scripts/node_modules/jest-circus/build/legacy-code-todo-rewrite/jestAdapterInit.js:170:21)
        at jestAdapter (/home/runner/work/cisc-scheduler/cisc-scheduler/node_modules/react-scripts/node_modules/jest-circus/build/legacy-code-todo-rewrite/jestAdapter.js:82:19)
        at runTestInternal (/home/runner/work/cisc-scheduler/cisc-scheduler/node_modules/react-scripts/node_modules/jest-runner/build/runTest.js:389:16)
        at runTest (/home/runner/work/cisc-scheduler/cisc-scheduler/node_modules/react-scripts/node_modules/jest-runner/build/runTest.js:475:34)
        at TestRunner.runTests (/home/runner/work/cisc-scheduler/cisc-scheduler/node_modules/react-scripts/node_modules/jest-runner/build/index.js:101:12)
        at TestScheduler.scheduleTests (/home/runner/work/cisc-scheduler/cisc-scheduler/node_modules/react-scripts/node_modules/@jest/core/build/TestScheduler.js:333:13)
        at runJest (/home/runner/work/cisc-scheduler/cisc-scheduler/node_modules/react-scripts/node_modules/@jest/core/build/runJest.js:404:19)
        at _run10000 (/home/runner/work/cisc-scheduler/cisc-scheduler/node_modules/react-scripts/node_modules/@jest/core/build/cli/index.js:320:7)
        at runCLI (/home/runner/work/cisc-scheduler/cisc-scheduler/node_modules/react-scripts/node_modules/@jest/core/build/cli/index.js:173:3)
        at Object.run (/home/runner/work/cisc-scheduler/cisc-scheduler/node_modules/react-scripts/node_modules/jest-cli/build/cli/index.js:155:37)

      at VirtualConsole.<anonymous> (node_modules/jsdom/lib/jsdom/virtual-console.js:29:45)
      at reportException (node_modules/jsdom/lib/jsdom/living/helpers/runtime-script-errors.js:70:28)
      at innerInvokeEventListeners (node_modules/jsdom/lib/jsdom/living/events/EventTarget-impl.js:341:9)
      at invokeEventListeners (node_modules/jsdom/lib/jsdom/living/events/EventTarget-impl.js:274:3)
      at HTMLUnknownElementImpl._dispatch (node_modules/jsdom/lib/jsdom/living/events/EventTarget-impl.js:221:9)
      at HTMLUnknownElementImpl.dispatchEvent (node_modules/jsdom/lib/jsdom/living/events/EventTarget-impl.js:94:17)

  console.error
    Error: Uncaught [Error: useLocation() may be used only in the context of a <Router> component.]
        at reportException (/home/runner/work/cisc-scheduler/cisc-scheduler/node_modules/jsdom/lib/jsdom/living/helpers/runtime-script-errors.js:66:24)
        at innerInvokeEventListeners (/home/runner/work/cisc-scheduler/cisc-scheduler/node_modules/jsdom/lib/jsdom/living/events/EventTarget-impl.js:341:9)
        at invokeEventListeners (/home/runner/work/cisc-scheduler/cisc-scheduler/node_modules/jsdom/lib/jsdom/living/events/EventTarget-impl.js:274:3)
        at HTMLUnknownElementImpl._dispatch (/home/runner/work/cisc-scheduler/cisc-scheduler/node_modules/jsdom/lib/jsdom/living/events/EventTarget-impl.js:221:9)
        at HTMLUnknownElementImpl.dispatchEvent (/home/runner/work/cisc-scheduler/cisc-scheduler/node_modules/jsdom/lib/jsdom/living/events/EventTarget-impl.js:94:17)
        at HTMLUnknownElement.dispatchEvent (/home/runner/work/cisc-scheduler/cisc-scheduler/node_modules/jsdom/lib/jsdom/living/generated/EventTarget.js:231:34)
        at Object.invokeGuardedCallbackDev (/home/runner/work/cisc-scheduler/cisc-scheduler/node_modules/react-dom/cjs/react-dom.development.js:4213:16)
        at invokeGuardedCallback (/home/runner/work/cisc-scheduler/cisc-scheduler/node_modules/react-dom/cjs/react-dom.development.js:4277:31)
        at beginWork$1 (/home/runner/work/cisc-scheduler/cisc-scheduler/node_modules/react-dom/cjs/react-dom.development.js:27451:7)
        at performUnitOfWork (/home/runner/work/cisc-scheduler/cisc-scheduler/node_modules/react-dom/cjs/react-dom.development.js:26560:12) Error: useLocation() may be used only in the context of a <Router> component.
        at Object.invariant [as UNSAFE_invariant] (/home/runner/work/cisc-scheduler/cisc-scheduler/node_modules/@remix-run/router/history.ts:494:11)
        at useLocation (/home/runner/work/cisc-scheduler/cisc-scheduler/node_modules/react-router/lib/hooks.tsx:104:3)
        at Object.useResolvedPath (/home/runner/work/cisc-scheduler/cisc-scheduler/node_modules/react-router/lib/hooks.tsx:311:40)
        at NavLinkWithRef (/home/runner/work/cisc-scheduler/cisc-scheduler/node_modules/react-router-dom/index.tsx:1003:16)
        at renderWithHooks (/home/runner/work/cisc-scheduler/cisc-scheduler/node_modules/react-dom/cjs/react-dom.development.js:16305:18)
        at updateForwardRef (/home/runner/work/cisc-scheduler/cisc-scheduler/node_modules/react-dom/cjs/react-dom.development.js:19226:20)
        at beginWork (/home/runner/work/cisc-scheduler/cisc-scheduler/node_modules/react-dom/cjs/react-dom.development.js:21636:16)
        at HTMLUnknownElement.callCallback (/home/runner/work/cisc-scheduler/cisc-scheduler/node_modules/react-dom/cjs/react-dom.development.js:4164:14)
        at HTMLUnknownElement.callTheUserObjectsOperation (/home/runner/work/cisc-scheduler/cisc-scheduler/node_modules/jsdom/lib/jsdom/living/generated/EventListener.js:26:30)
        at innerInvokeEventListeners (/home/runner/work/cisc-scheduler/cisc-scheduler/node_modules/jsdom/lib/jsdom/living/events/EventTarget-impl.js:338:25)
        at invokeEventListeners (/home/runner/work/cisc-scheduler/cisc-scheduler/node_modules/jsdom/lib/jsdom/living/events/EventTarget-impl.js:274:3)
        at HTMLUnknownElementImpl._dispatch (/home/runner/work/cisc-scheduler/cisc-scheduler/node_modules/jsdom/lib/jsdom/living/events/EventTarget-impl.js:221:9)
        at HTMLUnknownElementImpl.dispatchEvent (/home/runner/work/cisc-scheduler/cisc-scheduler/node_modules/jsdom/lib/jsdom/living/events/EventTarget-impl.js:94:17)
        at HTMLUnknownElement.dispatchEvent (/home/runner/work/cisc-scheduler/cisc-scheduler/node_modules/jsdom/lib/jsdom/living/generated/EventTarget.js:231:34)
        at Object.invokeGuardedCallbackDev (/home/runner/work/cisc-scheduler/cisc-scheduler/node_modules/react-dom/cjs/react-dom.development.js:4213:16)
        at invokeGuardedCallback (/home/runner/work/cisc-scheduler/cisc-scheduler/node_modules/react-dom/cjs/react-dom.development.js:4277:31)
        at beginWork$1 (/home/runner/work/cisc-scheduler/cisc-scheduler/node_modules/react-dom/cjs/react-dom.development.js:27451:7)
        at performUnitOfWork (/home/runner/work/cisc-scheduler/cisc-scheduler/node_modules/react-dom/cjs/react-dom.development.js:26560:12)
        at workLoopSync (/home/runner/work/cisc-scheduler/cisc-scheduler/node_modules/react-dom/cjs/react-dom.development.js:26466:5)
        at renderRootSync (/home/runner/work/cisc-scheduler/cisc-scheduler/node_modules/react-dom/cjs/react-dom.development.js:26434:7)
        at recoverFromConcurrentError (/home/runner/work/cisc-scheduler/cisc-scheduler/node_modules/react-dom/cjs/react-dom.development.js:25850:20)
        at performConcurrentWorkOnRoot (/home/runner/work/cisc-scheduler/cisc-scheduler/node_modules/react-dom/cjs/react-dom.development.js:25750:22)
        at flushActQueue (/home/runner/work/cisc-scheduler/cisc-scheduler/node_modules/react/cjs/react.development.js:2667:24)
        at act (/home/runner/work/cisc-scheduler/cisc-scheduler/node_modules/react/cjs/react.development.js:2582:11)
        at /home/runner/work/cisc-scheduler/cisc-scheduler/node_modules/@testing-library/react/dist/act-compat.js:46:25
        at renderRoot (/home/runner/work/cisc-scheduler/cisc-scheduler/node_modules/@testing-library/react/dist/pure.js:161:26)
        at render (/home/runner/work/cisc-scheduler/cisc-scheduler/node_modules/@testing-library/react/dist/pure.js:247:10)
        at Object.<anonymous> (/home/runner/work/cisc-scheduler/cisc-scheduler/src/modules/App/App.test.tsx:6:11)
        at Promise.then.completed (/home/runner/work/cisc-scheduler/cisc-scheduler/node_modules/react-scripts/node_modules/jest-circus/build/utils.js:391:28)
        at new Promise (<anonymous>)
        at callAsyncCircusFn (/home/runner/work/cisc-scheduler/cisc-scheduler/node_modules/react-scripts/node_modules/jest-circus/build/utils.js:316:10)
        at _callCircusTest (/home/runner/work/cisc-scheduler/cisc-scheduler/node_modules/react-scripts/node_modules/jest-circus/build/run.js:218:40)
        at processTicksAndRejections (node:internal/process/task_queues:96:5)
        at _runTest (/home/runner/work/cisc-scheduler/cisc-scheduler/node_modules/react-scripts/node_modules/jest-circus/build/run.js:155:3)
        at _runTestsForDescribeBlock (/home/runner/work/cisc-scheduler/cisc-scheduler/node_modules/react-scripts/node_modules/jest-circus/build/run.js:66:9)
        at run (/home/runner/work/cisc-scheduler/cisc-scheduler/node_modules/react-scripts/node_modules/jest-circus/build/run.js:25:3)
        at runAndTransformResultsToJestFormat (/home/runner/work/cisc-scheduler/cisc-scheduler/node_modules/react-scripts/node_modules/jest-circus/build/legacy-code-todo-rewrite/jestAdapterInit.js:170:21)
        at jestAdapter (/home/runner/work/cisc-scheduler/cisc-scheduler/node_modules/react-scripts/node_modules/jest-circus/build/legacy-code-todo-rewrite/jestAdapter.js:82:19)
        at runTestInternal (/home/runner/work/cisc-scheduler/cisc-scheduler/node_modules/react-scripts/node_modules/jest-runner/build/runTest.js:389:16)
        at runTest (/home/runner/work/cisc-scheduler/cisc-scheduler/node_modules/react-scripts/node_modules/jest-runner/build/runTest.js:475:34)
        at TestRunner.runTests (/home/runner/work/cisc-scheduler/cisc-scheduler/node_modules/react-scripts/node_modules/jest-runner/build/index.js:101:12)
        at TestScheduler.scheduleTests (/home/runner/work/cisc-scheduler/cisc-scheduler/node_modules/react-scripts/node_modules/@jest/core/build/TestScheduler.js:333:13)
        at runJest (/home/runner/work/cisc-scheduler/cisc-scheduler/node_modules/react-scripts/node_modules/@jest/core/build/runJest.js:404:19)
        at _run10000 (/home/runner/work/cisc-scheduler/cisc-scheduler/node_modules/react-scripts/node_modules/@jest/core/build/cli/index.js:320:7)
        at runCLI (/home/runner/work/cisc-scheduler/cisc-scheduler/node_modules/react-scripts/node_modules/@jest/core/build/cli/index.js:173:3)
        at Object.run (/home/runner/work/cisc-scheduler/cisc-scheduler/node_modules/react-scripts/node_modules/jest-cli/build/cli/index.js:155:37)

      at VirtualConsole.<anonymous> (node_modules/jsdom/lib/jsdom/virtual-console.js:29:45)
      at reportException (node_modules/jsdom/lib/jsdom/living/helpers/runtime-script-errors.js:70:28)
      at innerInvokeEventListeners (node_modules/jsdom/lib/jsdom/living/events/EventTarget-impl.js:341:9)
      at invokeEventListeners (node_modules/jsdom/lib/jsdom/living/events/EventTarget-impl.js:274:3)
      at HTMLUnknownElementImpl._dispatch (node_modules/jsdom/lib/jsdom/living/events/EventTarget-impl.js:221:9)
      at HTMLUnknownElementImpl.dispatchEvent (node_modules/jsdom/lib/jsdom/living/events/EventTarget-impl.js:94:17)

  console.error
    Error: Uncaught [Error: useNavigate() may be used only in the context of a <Router> component.]
        at reportException (/home/runner/work/cisc-scheduler/cisc-scheduler/node_modules/jsdom/lib/jsdom/living/helpers/runtime-script-errors.js:66:24)
        at innerInvokeEventListeners (/home/runner/work/cisc-scheduler/cisc-scheduler/node_modules/jsdom/lib/jsdom/living/events/EventTarget-impl.js:341:9)
        at invokeEventListeners (/home/runner/work/cisc-scheduler/cisc-scheduler/node_modules/jsdom/lib/jsdom/living/events/EventTarget-impl.js:274:3)
        at HTMLUnknownElementImpl._dispatch (/home/runner/work/cisc-scheduler/cisc-scheduler/node_modules/jsdom/lib/jsdom/living/events/EventTarget-impl.js:221:9)
        at HTMLUnknownElementImpl.dispatchEvent (/home/runner/work/cisc-scheduler/cisc-scheduler/node_modules/jsdom/lib/jsdom/living/events/EventTarget-impl.js:94:17)
        at HTMLUnknownElement.dispatchEvent (/home/runner/work/cisc-scheduler/cisc-scheduler/node_modules/jsdom/lib/jsdom/living/generated/EventTarget.js:231:34)
        at Object.invokeGuardedCallbackDev (/home/runner/work/cisc-scheduler/cisc-scheduler/node_modules/react-dom/cjs/react-dom.development.js:4213:16)
        at invokeGuardedCallback (/home/runner/work/cisc-scheduler/cisc-scheduler/node_modules/react-dom/cjs/react-dom.development.js:4277:31)
        at beginWork$1 (/home/runner/work/cisc-scheduler/cisc-scheduler/node_modules/react-dom/cjs/react-dom.development.js:27451:7)
        at performUnitOfWork (/home/runner/work/cisc-scheduler/cisc-scheduler/node_modules/react-dom/cjs/react-dom.development.js:26560:12) Error: useNavigate() may be used only in the context of a <Router> component.
        at Object.invariant [as UNSAFE_invariant] (/home/runner/work/cisc-scheduler/cisc-scheduler/node_modules/@remix-run/router/history.ts:494:11)
        at useNavigateUnstable (/home/runner/work/cisc-scheduler/cisc-scheduler/node_modules/react-router/lib/hooks.tsx:188:3)
        at useNavigate (/home/runner/work/cisc-scheduler/cisc-scheduler/node_modules/react-router/lib/hooks.tsx:184:46)
        at Introduction (/home/runner/work/cisc-scheduler/cisc-scheduler/src/modules/Introduction/Introduction.tsx:6:33)
        at renderWithHooks (/home/runner/work/cisc-scheduler/cisc-scheduler/node_modules/react-dom/cjs/react-dom.development.js:16305:18)
        at mountIndeterminateComponent (/home/runner/work/cisc-scheduler/cisc-scheduler/node_modules/react-dom/cjs/react-dom.development.js:20074:13)
        at beginWork (/home/runner/work/cisc-scheduler/cisc-scheduler/node_modules/react-dom/cjs/react-dom.development.js:21587:16)
        at HTMLUnknownElement.callCallback (/home/runner/work/cisc-scheduler/cisc-scheduler/node_modules/react-dom/cjs/react-dom.development.js:4164:14)
        at HTMLUnknownElement.callTheUserObjectsOperation (/home/runner/work/cisc-scheduler/cisc-scheduler/node_modules/jsdom/lib/jsdom/living/generated/EventListener.js:26:30)
        at innerInvokeEventListeners (/home/runner/work/cisc-scheduler/cisc-scheduler/node_modules/jsdom/lib/jsdom/living/events/EventTarget-impl.js:338:25)
        at invokeEventListeners (/home/runner/work/cisc-scheduler/cisc-scheduler/node_modules/jsdom/lib/jsdom/living/events/EventTarget-impl.js:274:3)
        at HTMLUnknownElementImpl._dispatch (/home/runner/work/cisc-scheduler/cisc-scheduler/node_modules/jsdom/lib/jsdom/living/events/EventTarget-impl.js:221:9)
        at HTMLUnknownElementImpl.dispatchEvent (/home/runner/work/cisc-scheduler/cisc-scheduler/node_modules/jsdom/lib/jsdom/living/events/EventTarget-impl.js:94:17)
        at HTMLUnknownElement.dispatchEvent (/home/runner/work/cisc-scheduler/cisc-scheduler/node_modules/jsdom/lib/jsdom/living/generated/EventTarget.js:231:34)
        at Object.invokeGuardedCallbackDev (/home/runner/work/cisc-scheduler/cisc-scheduler/node_modules/react-dom/cjs/react-dom.development.js:4213:16)
        at invokeGuardedCallback (/home/runner/work/cisc-scheduler/cisc-scheduler/node_modules/react-dom/cjs/react-dom.development.js:4277:31)
        at beginWork$1 (/home/runner/work/cisc-scheduler/cisc-scheduler/node_modules/react-dom/cjs/react-dom.development.js:27451:7)
        at performUnitOfWork (/home/runner/work/cisc-scheduler/cisc-scheduler/node_modules/react-dom/cjs/react-dom.development.js:26560:12)
        at workLoopSync (/home/runner/work/cisc-scheduler/cisc-scheduler/node_modules/react-dom/cjs/react-dom.development.js:26466:5)
        at renderRootSync (/home/runner/work/cisc-scheduler/cisc-scheduler/node_modules/react-dom/cjs/react-dom.development.js:26434:7)
        at recoverFromConcurrentError (/home/runner/work/cisc-scheduler/cisc-scheduler/node_modules/react-dom/cjs/react-dom.development.js:25850:20)
        at performConcurrentWorkOnRoot (/home/runner/work/cisc-scheduler/cisc-scheduler/node_modules/react-dom/cjs/react-dom.development.js:25750:22)
        at flushActQueue (/home/runner/work/cisc-scheduler/cisc-scheduler/node_modules/react/cjs/react.development.js:2667:24)
        at act (/home/runner/work/cisc-scheduler/cisc-scheduler/node_modules/react/cjs/react.development.js:2582:11)
        at /home/runner/work/cisc-scheduler/cisc-scheduler/node_modules/@testing-library/react/dist/act-compat.js:46:25
        at renderRoot (/home/runner/work/cisc-scheduler/cisc-scheduler/node_modules/@testing-library/react/dist/pure.js:161:26)
        at render (/home/runner/work/cisc-scheduler/cisc-scheduler/node_modules/@testing-library/react/dist/pure.js:247:10)
        at Object.<anonymous> (/home/runner/work/cisc-scheduler/cisc-scheduler/src/modules/App/App.test.tsx:6:11)
        at Promise.then.completed (/home/runner/work/cisc-scheduler/cisc-scheduler/node_modules/react-scripts/node_modules/jest-circus/build/utils.js:391:28)
        at new Promise (<anonymous>)
        at callAsyncCircusFn (/home/runner/work/cisc-scheduler/cisc-scheduler/node_modules/react-scripts/node_modules/jest-circus/build/utils.js:316:10)
        at _callCircusTest (/home/runner/work/cisc-scheduler/cisc-scheduler/node_modules/react-scripts/node_modules/jest-circus/build/run.js:218:40)
        at processTicksAndRejections (node:internal/process/task_queues:96:5)
        at _runTest (/home/runner/work/cisc-scheduler/cisc-scheduler/node_modules/react-scripts/node_modules/jest-circus/build/run.js:155:3)
        at _runTestsForDescribeBlock (/home/runner/work/cisc-scheduler/cisc-scheduler/node_modules/react-scripts/node_modules/jest-circus/build/run.js:66:9)
        at run (/home/runner/work/cisc-scheduler/cisc-scheduler/node_modules/react-scripts/node_modules/jest-circus/build/run.js:25:3)
        at runAndTransformResultsToJestFormat (/home/runner/work/cisc-scheduler/cisc-scheduler/node_modules/react-scripts/node_modules/jest-circus/build/legacy-code-todo-rewrite/jestAdapterInit.js:170:21)
        at jestAdapter (/home/runner/work/cisc-scheduler/cisc-scheduler/node_modules/react-scripts/node_modules/jest-circus/build/legacy-code-todo-rewrite/jestAdapter.js:82:19)
        at runTestInternal (/home/runner/work/cisc-scheduler/cisc-scheduler/node_modules/react-scripts/node_modules/jest-runner/build/runTest.js:389:16)
        at runTest (/home/runner/work/cisc-scheduler/cisc-scheduler/node_modules/react-scripts/node_modules/jest-runner/build/runTest.js:475:34)
        at TestRunner.runTests (/home/runner/work/cisc-scheduler/cisc-scheduler/node_modules/react-scripts/node_modules/jest-runner/build/index.js:101:12)
        at TestScheduler.scheduleTests (/home/runner/work/cisc-scheduler/cisc-scheduler/node_modules/react-scripts/node_modules/@jest/core/build/TestScheduler.js:333:13)
        at runJest (/home/runner/work/cisc-scheduler/cisc-scheduler/node_modules/react-scripts/node_modules/@jest/core/build/runJest.js:404:19)
        at _run10000 (/home/runner/work/cisc-scheduler/cisc-scheduler/node_modules/react-scripts/node_modules/@jest/core/build/cli/index.js:320:7)
        at runCLI (/home/runner/work/cisc-scheduler/cisc-scheduler/node_modules/react-scripts/node_modules/@jest/core/build/cli/index.js:173:3)
        at Object.run (/home/runner/work/cisc-scheduler/cisc-scheduler/node_modules/react-scripts/node_modules/jest-cli/build/cli/index.js:155:37)

      at VirtualConsole.<anonymous> (node_modules/jsdom/lib/jsdom/virtual-console.js:29:45)
      at reportException (node_modules/jsdom/lib/jsdom/living/helpers/runtime-script-errors.js:70:28)
      at innerInvokeEventListeners (node_modules/jsdom/lib/jsdom/living/events/EventTarget-impl.js:341:9)
      at invokeEventListeners (node_modules/jsdom/lib/jsdom/living/events/EventTarget-impl.js:274:3)
      at HTMLUnknownElementImpl._dispatch (node_modules/jsdom/lib/jsdom/living/events/EventTarget-impl.js:221:9)
      at HTMLUnknownElementImpl.dispatchEvent (node_modules/jsdom/lib/jsdom/living/events/EventTarget-impl.js:94:17)

  console.error
    The above error occurred in the <NavLink> component:
    
        at NavLinkWithRef (/home/runner/work/cisc-scheduler/cisc-scheduler/node_modules/react-router-dom/index.tsx:991:23)
        at div
        at div
        at Links (/home/runner/work/cisc-scheduler/cisc-scheduler/src/modules/Navbar/Navbar.tsx:17:18)
        at nav
        at Nav
        at div
        at App
    
    Consider adding an error boundary to your tree to customize error handling behavior.
    Visit https://reactjs.org/link/error-boundaries to learn more about error boundaries.

      at logCapturedError (node_modules/react-dom/cjs/react-dom.development.js:18687:23)
      at update.callback (node_modules/react-dom/cjs/react-dom.development.js:18720:5)
      at callCallback (node_modules/react-dom/cjs/react-dom.development.js:13923:12)
      at commitUpdateQueue (node_modules/react-dom/cjs/react-dom.development.js:13944:9)
      at commitLayoutEffectOnFiber (node_modules/react-dom/cjs/react-dom.development.js:23391:13)
      at commitLayoutMountEffects_complete (node_modules/react-dom/cjs/react-dom.development.js:24688:9)
      at commitLayoutEffects_begin (node_modules/react-dom/cjs/react-dom.development.js:24674:7)

  console.error
    The above error occurred in the <NavLink> component:
    
        at NavLinkWithRef (/home/runner/work/cisc-scheduler/cisc-scheduler/node_modules/react-router-dom/index.tsx:991:23)
        at div
        at div
        at Links (/home/runner/work/cisc-scheduler/cisc-scheduler/src/modules/Navbar/Navbar.tsx:17:18)
        at nav
        at Nav
        at div
        at App
    
    Consider adding an error boundary to your tree to customize error handling behavior.
    Visit https://reactjs.org/link/error-boundaries to learn more about error boundaries.

      at logCapturedError (node_modules/react-dom/cjs/react-dom.development.js:18687:23)
      at update.callback (node_modules/react-dom/cjs/react-dom.development.js:18720:5)
      at callCallback (node_modules/react-dom/cjs/react-dom.development.js:13923:12)
      at commitUpdateQueue (node_modules/react-dom/cjs/react-dom.development.js:13944:9)
      at commitLayoutEffectOnFiber (node_modules/react-dom/cjs/react-dom.development.js:23391:13)
      at commitLayoutMountEffects_complete (node_modules/react-dom/cjs/react-dom.development.js:24688:9)
      at commitLayoutEffects_begin (node_modules/react-dom/cjs/react-dom.development.js:24674:7)

  console.error
    The above error occurred in the <Introduction> component:
    
        at Introduction (/home/runner/work/cisc-scheduler/cisc-scheduler/src/modules/Introduction/Introduction.tsx:6:33)
        at div
        at div
        at App
    
    Consider adding an error boundary to your tree to customize error handling behavior.
    Visit https://reactjs.org/link/error-boundaries to learn more about error boundaries.

      at logCapturedError (node_modules/react-dom/cjs/react-dom.development.js:18687:23)
      at update.callback (node_modules/react-dom/cjs/react-dom.development.js:18720:5)
      at callCallback (node_modules/react-dom/cjs/react-dom.development.js:13923:12)
      at commitUpdateQueue (node_modules/react-dom/cjs/react-dom.development.js:13944:9)
      at commitLayoutEffectOnFiber (node_modules/react-dom/cjs/react-dom.development.js:23391:13)
      at commitLayoutMountEffects_complete (node_modules/react-dom/cjs/react-dom.development.js:24688:9)
      at commitLayoutEffects_begin (node_modules/react-dom/cjs/react-dom.development.js:24674:7)

FAIL src/modules/App/App.test.tsx
  ✕ renders the course name somewhere (181 ms)

  ● renders the course name somewhere

    useLocation() may be used only in the context of a <Router> component.

      4 |
      5 | test("renders the course name somewhere", () => {
    > 6 |     render(<App />);
        |           ^
      7 |     const linkElement = screen.getByText(/CISC275/i);
      8 |     expect(linkElement).toBeInTheDocument();
      9 | });

      at Object.invariant [as UNSAFE_invariant] (node_modules/@remix-run/router/history.ts:494:11)
      at useLocation (node_modules/react-router/lib/hooks.tsx:104:3)
      at Object.useResolvedPath (node_modules/react-router/lib/hooks.tsx:311:40)
      at NavLinkWithRef (node_modules/react-router-dom/index.tsx:1003:16)
      at renderWithHooks (node_modules/react-dom/cjs/react-dom.development.js:16305:18)
      at updateForwardRef (node_modules/react-dom/cjs/react-dom.development.js:19226:20)
      at beginWork (node_modules/react-dom/cjs/react-dom.development.js:21636:16)
      at beginWork$1 (node_modules/react-dom/cjs/react-dom.development.js:27426:14)
      at performUnitOfWork (node_modules/react-dom/cjs/react-dom.development.js:26560:12)
      at workLoopSync (node_modules/react-dom/cjs/react-dom.development.js:26466:5)
      at renderRootSync (node_modules/react-dom/cjs/react-dom.development.js:26434:7)
      at recoverFromConcurrentError (node_modules/react-dom/cjs/react-dom.development.js:25850:20)
      at performConcurrentWorkOnRoot (node_modules/react-dom/cjs/react-dom.development.js:25750:22)
      at flushActQueue (node_modules/react/cjs/react.development.js:2667:24)
      at act (node_modules/react/cjs/react.development.js:2582:11)
      at node_modules/@testing-library/react/dist/act-compat.js:46:25
      at renderRoot (node_modules/@testing-library/react/dist/pure.js:161:26)
      at render (node_modules/@testing-library/react/dist/pure.js:247:10)
      at Object.<anonymous> (src/modules/App/App.test.tsx:6:11)
      at TestScheduler.scheduleTests (node_modules/react-scripts/node_modules/@jest/core/build/TestScheduler.js:333:13)
      at runJest (node_modules/react-scripts/node_modules/@jest/core/build/runJest.js:404:19)
      at _run10000 (node_modules/react-scripts/node_modules/@jest/core/build/cli/index.js:320:7)
      at runCLI (node_modules/react-scripts/node_modules/@jest/core/build/cli/index.js:173:3)

---------------------------|---------|----------|---------|---------|-------------------
File                       | % Stmts | % Branch | % Funcs | % Lines | Uncovered Line #s 
---------------------------|---------|----------|---------|---------|-------------------
All files                  |    7.33 |        0 |    7.69 |    7.58 |                   
 assets/data               |       0 |      100 |     100 |       0 |                   
  CourseData.ts            |       0 |      100 |     100 |       0 | 1                 
 interfaces                |       0 |        0 |       0 |       0 |                   
  course.ts                |       0 |        0 |       0 |       0 |                   
  plan.ts                  |       0 |        0 |       0 |       0 |                   
  school_year.ts           |       0 |        0 |       0 |       0 |                   
  semester.ts              |       0 |        0 |       0 |       0 |                   
 modules                   |       0 |      100 |       0 |       0 |                   
  Plan.tsx                 |       0 |      100 |       0 |       0 | 9-43              
  SemesterList.tsx         |       0 |      100 |       0 |       0 | 15-34             
 modules/AddSemesterModal  |       0 |      100 |       0 |       0 |                   
  AddSemesterModal.tsx     |       0 |      100 |       0 |       0 | 10-89             
 modules/App               |     100 |      100 |     100 |     100 |                   
  App.tsx                  |     100 |      100 |     100 |     100 |                   
 modules/CourseEditor      |       0 |        0 |       0 |       0 |                   
  CourseEditor.tsx         |       0 |        0 |       0 |       0 | 10-45             
  catalog.tsx              |       0 |      100 |       0 |       0 | 15-39             
 modules/Introduction      |      40 |      100 |      50 |      40 |                   
  Introduction.tsx         |      40 |      100 |      50 |      40 | 8-12              
 modules/MakeSemester      |       0 |      100 |       0 |       0 |                   
  MakeSemester.tsx         |       0 |      100 |       0 |       0 | 13-117            
 modules/Navbar            |     100 |      100 |     100 |     100 |                   
  Navbar.tsx               |     100 |      100 |     100 |     100 |                   
 modules/Plan/AddPlanModal |       0 |      100 |       0 |       0 |                   
  AddPlanModal.tsx         |       0 |      100 |       0 |       0 | 10-57             
 modules/Plan/PlanCard     |       0 |        0 |       0 |       0 |                   
  PlanCard.tsx             |       0 |        0 |       0 |       0 | 12-36             
 modules/Plan/PlanView     |       0 |      100 |       0 |       0 |                   
  PlanView.tsx             |       0 |      100 |       0 |       0 | 10-20             
 modules/Plan/Planner      |       0 |      100 |       0 |       0 |                   
  Planner.tsx              |       0 |      100 |       0 |       0 | 6-55              
 modules/Plan/PlansList    |       0 |        0 |       0 |       0 |                   
  PlansList.tsx            |       0 |        0 |       0 |       0 | 20-65             
 modules/SemesterCard      |       0 |      100 |       0 |       0 |                   
  SemesterCard.tsx         |       0 |      100 |       0 |       0 | 13-40             
 modules/Semesters         |       0 |      100 |       0 |       0 |                   
  Semesters.tsx            |       0 |      100 |       0 |       0 | 7-53              
---------------------------|---------|----------|---------|---------|-------------------
Test Suites: 1 failed, 1 total
Tests:       1 failed, 1 total
Snapshots:   0 total
Time:        2.933 s
Ran all test suites.
